// Jest Snapshot v1, https://goo.gl/fbAQLP

exports[`Organization Component renders the UI as expected 1`] = `
<body>
  <div>
    <main
      class="Organization"
    >
      <header>
        <h1>
          YMCA DC
        </h1>
      </header>
      <section
        class="Organization__contact-info"
      >
        <header>
          <h2>
            Contact Info
          </h2>
        </header>
        <p>
          Website: 
          <a
            href="https://www.ymcadc.org/locations/ymca-fairfax-county-reston/"
            rel="noreferrer"
            target="_blank"
          >
            https://www.ymcadc.org/locations/ymca-fairfax-county-reston/
          </a>
        </p>
        <p>
          Phone: 
          703-742-8800
        </p>
        <p>
          Email: 
          Carson.Henry@ymcadc.org
        </p>
        <p>
          Address: 
          12196 Sunset Hills Road, Reston, VA 20190
        </p>
      </section>
      <section>
        <header>
          <h2>
            About 
            YMCA DC
          </h2>
        </header>
        <p
          class="Organization__description"
        >
          Today, the Y engages more than 10,000 neighborhoods across the U.S. As the nation’s leading nonprofit committed to helping people and communities to learn, grow and thrive, our contributions are both far-reaching and intimate—from influencing our nation’s culture during times of profound social change to the individual support we provide an adult learning to read.

    By empowering young people to reach their full potential, improving individual and community well-being and giving back and inspiring action in our communities, the Y ensures that everyone has the opportunity to become healthier, more confident, connected and secure.
        </p>
      </section>
      <section
        class="Organization__causes"
      >
        <header>
          <h2>
            Causes
          </h2>
        </header>
        <ul
          class="Organization__causes-list"
        >
          <li>
            Youth
          </li>
          <li>
            Health
          </li>
          <li>
            Elderly
          </li>
        </ul>
      </section>
      <button
        type="button"
      >
        Delete Organization
      </button>
    </main>
  </div>
</body>
`;
