// Jest Snapshot v1, https://goo.gl/fbAQLP

exports[`OrgSearch Component renders search results after clicking 'Search' 1`] = `
<body>
  <div>
    <div
      class="OrgSearch"
    >
      <nav
        class="Nav"
      >
        <a
          aria-current="page"
          class="active"
          href="/"
        >
          Home
        </a>
        <a
          href="/search"
        >
          Search
        </a>
        <a
          href="/login"
        >
          Login
        </a>
        <a
          href="/signup"
        >
          Sign Up
        </a>
      </nav>
      <header>
        <h1>
          Search for Organizations
        </h1>
      </header>
      <form>
        <div>
          <label
            for="search-term"
          >
            Search Term
          </label>
          <input
            id="search-term"
            type="text"
          />
        </div>
        <br />
        <fieldset>
          <legend>
            Causes
          </legend>
        </fieldset>
        <br />
        <fieldset>
          <legend>
            Tags
          </legend>
        </fieldset>
        <button
          type="submit"
        >
          Search
        </button>
      </form>
      <section
        class="SearchResults"
      >
        <header>
          <h2>
            Results
          </h2>
        </header>
        <ul>
          <li>
            <a
              href="/org/1"
            >
              YMCA
            </a>
          </li>
          <li>
            <a
              href="/org/2"
            >
              ASPCA
            </a>
          </li>
          <li>
            <a
              href="/org/3"
            >
              National VOAD
            </a>
          </li>
          <li>
            <a
              href="/org/4"
            >
              National Air and Space Museum
            </a>
          </li>
          <li>
            <a
              href="/org/5"
            >
              Fairfax County Health Department
            </a>
          </li>
          <li>
            <a
              href="/org/6"
            >
              Sully Historic Site
            </a>
          </li>
          <li>
            <a
              href="/org/7"
            >
              Vecinos Unidos
            </a>
          </li>
        </ul>
        <div
          class="SearchResults__page-buttons"
        >
          <button
            disabled=""
            type="button"
          >
            Previous
          </button>
          <button
            type="button"
          >
            Next
          </button>
        </div>
      </section>
    </div>
  </div>
</body>
`;

exports[`OrgSearch Component renders the UI as expected 1`] = `
<body>
  <div>
    <div
      class="OrgSearch"
    >
      <nav
        class="Nav"
      >
        <a
          aria-current="page"
          class="active"
          href="/"
        >
          Home
        </a>
        <a
          href="/search"
        >
          Search
        </a>
        <a
          href="/login"
        >
          Login
        </a>
        <a
          href="/signup"
        >
          Sign Up
        </a>
      </nav>
      <header>
        <h1>
          Search for Organizations
        </h1>
      </header>
      <form>
        <div>
          <label
            for="search-term"
          >
            Search Term
          </label>
          <input
            id="search-term"
            type="text"
          />
        </div>
        <br />
        <fieldset>
          <legend>
            Causes
          </legend>
          <div>
            <label
              for="cause-1"
            >
              Youth
            </label>
            <input
              id="cause-1"
              name="causes"
              type="checkbox"
              value="Youth"
            />
          </div>
          <div>
            <label
              for="cause-2"
            >
              Health
            </label>
            <input
              id="cause-2"
              name="causes"
              type="checkbox"
              value="Health"
            />
          </div>
          <div>
            <label
              for="cause-3"
            >
              Disaster response
            </label>
            <input
              id="cause-3"
              name="causes"
              type="checkbox"
              value="Disaster Response"
            />
          </div>
          <div>
            <label
              for="cause-4"
            >
              Animals
            </label>
            <input
              id="cause-4"
              name="causes"
              type="checkbox"
              value="Animals"
            />
          </div>
          <div>
            <label
              for="cause-5"
            >
              History
            </label>
            <input
              id="cause-5"
              name="causes"
              type="checkbox"
              value="History"
            />
          </div>
          <div>
            <label
              for="cause-6"
            >
              Education
            </label>
            <input
              id="cause-6"
              name="causes"
              type="checkbox"
              value="Education"
            />
          </div>
          <div>
            <label
              for="cause-7"
            >
              Human rights
            </label>
            <input
              id="cause-7"
              name="causes"
              type="checkbox"
              value="Human Rights"
            />
          </div>
          <div>
            <label
              for="cause-8"
            >
              Arts
            </label>
            <input
              id="cause-8"
              name="causes"
              type="checkbox"
              value="Arts"
            />
          </div>
          <div>
            <label
              for="cause-9"
            >
              Wildlife and environment
            </label>
            <input
              id="cause-9"
              name="causes"
              type="checkbox"
              value="Wildlife and Environment"
            />
          </div>
          <div>
            <label
              for="cause-10"
            >
              Elderly
            </label>
            <input
              id="cause-10"
              name="causes"
              type="checkbox"
              value="Elderly"
            />
          </div>
          <div>
            <label
              for="cause-11"
            >
              Poverty
            </label>
            <input
              id="cause-11"
              name="causes"
              type="checkbox"
              value="Poverty"
            />
          </div>
        </fieldset>
        <br />
        <fieldset>
          <legend>
            Tags
          </legend>
          <div>
            <label
              for="tag-1"
            >
              Virtual
            </label>
            <input
              id="tag-1"
              name="tags"
              type="checkbox"
              value="virtual"
            />
          </div>
          <div>
            <label
              for="tag-2"
            >
              In-person
            </label>
            <input
              id="tag-2"
              name="tags"
              type="checkbox"
              value="in-person"
            />
          </div>
          <div>
            <label
              for="tag-3"
            >
              Weekends
            </label>
            <input
              id="tag-3"
              name="tags"
              type="checkbox"
              value="weekends"
            />
          </div>
          <div>
            <label
              for="tag-4"
            >
              Weekdays
            </label>
            <input
              id="tag-4"
              name="tags"
              type="checkbox"
              value="weekdays"
            />
          </div>
          <div>
            <label
              for="tag-5"
            >
              Nights
            </label>
            <input
              id="tag-5"
              name="tags"
              type="checkbox"
              value="nights"
            />
          </div>
          <div>
            <label
              for="tag-6"
            >
              Group
            </label>
            <input
              id="tag-6"
              name="tags"
              type="checkbox"
              value="group"
            />
          </div>
          <div>
            <label
              for="tag-7"
            >
              Delivery
            </label>
            <input
              id="tag-7"
              name="tags"
              type="checkbox"
              value="delivery"
            />
          </div>
          <div>
            <label
              for="tag-8"
            >
              Cooking
            </label>
            <input
              id="tag-8"
              name="tags"
              type="checkbox"
              value="cooking"
            />
          </div>
          <div>
            <label
              for="tag-9"
            >
              Administration
            </label>
            <input
              id="tag-9"
              name="tags"
              type="checkbox"
              value="administration"
            />
          </div>
          <div>
            <label
              for="tag-10"
            >
              Cleaning
            </label>
            <input
              id="tag-10"
              name="tags"
              type="checkbox"
              value="cleaning"
            />
          </div>
          <div>
            <label
              for="tag-11"
            >
              Heavy lifting
            </label>
            <input
              id="tag-11"
              name="tags"
              type="checkbox"
              value="heavy lifting"
            />
          </div>
          <div>
            <label
              for="tag-12"
            >
              Greeting
            </label>
            <input
              id="tag-12"
              name="tags"
              type="checkbox"
              value="greeting"
            />
          </div>
          <div>
            <label
              for="tag-13"
            >
              Training
            </label>
            <input
              id="tag-13"
              name="tags"
              type="checkbox"
              value="training"
            />
          </div>
          <div>
            <label
              for="tag-14"
            >
              Driving
            </label>
            <input
              id="tag-14"
              name="tags"
              type="checkbox"
              value="driving"
            />
          </div>
          <div>
            <label
              for="tag-15"
            >
              Outdoors
            </label>
            <input
              id="tag-15"
              name="tags"
              type="checkbox"
              value="outdoors"
            />
          </div>
        </fieldset>
        <button
          type="submit"
        >
          Search
        </button>
      </form>
    </div>
  </div>
</body>
`;
