// Jest Snapshot v1, https://goo.gl/fbAQLP

exports[`PublicUser Component renders the UI as expected 1`] = `
<body>
  <div>
    <div
      class="App"
    >
      <div
        class="PublicUser"
      >
        <nav
          class="Nav"
        >
          <button
            class="Nav__expander"
            type="button"
          >
            Menu
          </button>
        </nav>
        <header>
          <h1>
            user1
          </h1>
        </header>
        <section>
          <header>
            <h2>
              Organizations Added
            </h2>
            <div
              class="OrganizationsList"
            >
              <ul>
                <li>
                  <a
                    href="/org/1"
                  >
                    YMCA DC
                  </a>
                </li>
              </ul>
            </div>
          </header>
        </section>
      </div>
    </div>
  </div>
</body>
`;
