// Jest Snapshot v1, https://goo.gl/fbAQLP

exports[`PublicUser Component renders the UI as expected 1`] = `
<body>
  <div>
    <div
      class="App"
    >
      <div
        class="PublicUser"
      >
        <nav
          class="Nav"
        >
          <a
            href="/"
          >
            Home
          </a>
          <a
            href="/org-search"
          >
            Search Organizations
          </a>
          <a
            href="/login"
          >
            Login
          </a>
          <a
            href="/signup"
          >
            Sign Up
          </a>
        </nav>
        <header>
          <h1>
            user1
          </h1>
        </header>
        <section>
          <header>
            <h2>
              Organizations Added
            </h2>
            <div
              class="OrganizationsList"
            >
              <ul>
                <li>
                  <a
                    href="/org/1"
                  >
                    YMCA DC
                  </a>
                </li>
              </ul>
            </div>
          </header>
        </section>
      </div>
    </div>
  </div>
</body>
`;
