// Jest Snapshot v1, https://goo.gl/fbAQLP

exports[`AddOrg Component goes to org page after successful add 1`] = `
<body>
  <div>
    <div
      class="App"
    >
      <div
        class="Organization"
      >
        <nav
          class="Nav"
        >
          <button
            class="Nav__expander"
            type="button"
          >
            Menu
          </button>
        </nav>
        <header>
          <h1>
            New Org
          </h1>
        </header>
        <section>
          <header>
            <h2>
              Contact Info
            </h2>
          </header>
          <p>
            Website: 
            <a
              href="http://www.new-org.com"
              rel="noreferrer"
              target="_blank"
            >
              http://www.new-org.com
            </a>
          </p>
          <p>
            Phone: 
            1-800-555-5555
          </p>
          <p>
            Email: 
            contact@new-org.com
          </p>
          <p>
            Address: 
            White House, D.C
          </p>
          <p />
        </section>
        <section>
          <header>
            <h2>
              Causes
            </h2>
          </header>
          <ul
            class="Organization__causes"
          >
            <li>
              Human Rights
            </li>
          </ul>
        </section>
        <section>
          <header>
            <h2>
              Tags
            </h2>
          </header>
          <p
            class="Organization__tags"
          >
            virtual
          </p>
        </section>
        <p>
          Created By: 
          <a
            href="/user/1"
          >
            user1
          </a>
        </p>
      </div>
    </div>
  </div>
</body>
`;
