// Jest Snapshot v1, https://goo.gl/fbAQLP

exports[`EventList Component renders the UI as expected 1`] = `
<body>
  <div>
    <div
      class="EventList"
    >
      <ul>
        <li>
          <a
            class="EventList__event"
            href="/event/4"
          >
            Docent Training Class
          </a>
        </li>
        <li>
          <a
            class="EventList__event"
            href="/event/3"
          >
            Adoption Day
          </a>
        </li>
        <li>
          <a
            class="EventList__event"
            href="/event/8"
          >
            Coach with Girls on the Run in Loudoun County - Role Models Needed!
          </a>
        </li>
        <li>
          <a
            class="EventList__event passed"
            href="/event/1"
          >
            Member Appreciation Day
          </a>
        </li>
        <li>
          <a
            class="EventList__event passed"
            href="/event/2"
          >
            Triathlon Assistance
          </a>
        </li>
        <li>
          <a
            class="EventList__event passed"
            href="/event/5"
          >
            Touring Docent Sully Historic Site
          </a>
        </li>
        <li>
          <a
            class="EventList__event passed"
            href="/event/6"
          >
            Volunteer Drivers needed to assist older adults in the community
          </a>
        </li>
        <li>
          <a
            class="EventList__event passed"
            href="/event/7"
          >
            Help Children with Homework and Reading
          </a>
        </li>
        <li>
          <a
            class="EventList__event passed"
            href="/event/9"
          >
            Coach a Youth Sports Team
          </a>
        </li>
        <li>
          <a
            class="EventList__event passed"
            href="/event/10"
          >
            Front Desk Volunteers
          </a>
        </li>
        <li>
          <a
            class="EventList__event passed"
            href="/event/11"
          >
            Drive Cancer Patients to Lifesaving Treatment
          </a>
        </li>
      </ul>
    </div>
  </div>
</body>
`;
