// Jest Snapshot v1, https://goo.gl/fbAQLP

exports[`CauseList Component renders the UI as expected 1`] = `
<body>
  <div>
    <div
      class="CauseList"
    >
      <ul>
        <li>
          Youth
        </li>
        <li>
          Health
        </li>
        <li>
          Disaster Response
        </li>
        <li>
          Animals
        </li>
        <li>
          History
        </li>
        <li>
          Education
        </li>
        <li>
          Human Rights
        </li>
        <li>
          Arts
        </li>
        <li>
          Wildlife and Environment
        </li>
        <li>
          Elderly
        </li>
        <li>
          Poverty
        </li>
      </ul>
    </div>
  </div>
</body>
`;
