// Jest Snapshot v1, https://goo.gl/fbAQLP

exports[`OrganizationsList Component renders the UI as expected 1`] = `
<body>
  <div>
    <div
      class="OrganizationsList"
    >
      <ul>
        <li>
          <a
            href="/org/1"
          >
            YMCA DC
          </a>
        </li>
        <li>
          <a
            href="/org/2"
          >
            Humane Society of Fairfax County, Inc
          </a>
        </li>
        <li>
          <a
            href="/org/3"
          >
            National VOAD
          </a>
        </li>
        <li>
          <a
            href="/org/4"
          >
            National Air and Space Museum
          </a>
        </li>
        <li>
          <a
            href="/org/5"
          >
            Fairfax County Health Department
          </a>
        </li>
        <li>
          <a
            href="/org/6"
          >
            Sully Historic Site
          </a>
        </li>
        <li>
          <a
            href="/org/7"
          >
            Vecinos Unidos
          </a>
        </li>
        <li>
          <a
            href="/org/8"
          >
            Girls on the Run of Northern Virginia
          </a>
        </li>
        <li>
          <a
            href="/org/9"
          >
            Optimist Club of Herndon, VA
          </a>
        </li>
        <li>
          <a
            href="/org/10"
          >
            FACETS
          </a>
        </li>
        <li>
          <a
            href="/org/11"
          >
            American Cancer Society in District of Columbia
          </a>
        </li>
      </ul>
    </div>
  </div>
</body>
`;
