// Jest Snapshot v1, https://goo.gl/fbAQLP

exports[`Login Component redirects to account page on correct login 1`] = `
<body>
  <div>
    <div
      class="App"
    >
      <div
        class="Account"
      >
        <nav
          class="Nav"
        >
          <a
            href="/"
          >
            Home
          </a>
          <a
            href="/search"
          >
            Search
          </a>
          <a
            aria-current="page"
            class="active"
            href="/account"
          >
            Account
          </a>
          <a
            href="/"
          >
            Logout
          </a>
        </nav>
        <header>
          <h1>
            Account
          </h1>
        </header>
        <section>
          <header>
            <h2>
              Account Info
            </h2>
          </header>
          <p>
            Username: 
            user1
          </p>
          <p>
            Email: 
            email1@email.com
          </p>
        </section>
        <section>
          <header>
            <h2>
              Organizations Added
            </h2>
            <div
              class="OrganizationsList"
            >
              <ul>
                <li>
                  <a
                    href="/org/1"
                  >
                    YMCA
                  </a>
                </li>
              </ul>
            </div>
          </header>
        </section>
        <section>
          <header>
            <h2>
              Events Added
            </h2>
          </header>
          <div
            class="EventList"
          >
            <ul>
              <li>
                <a
                  class="EventList__event passed"
                  href="/event/1"
                >
                  Member Appreciation Day
                </a>
              </li>
              <li>
                <a
                  class="EventList__event passed"
                  href="/event/2"
                >
                  Triathlon Assistance
                </a>
              </li>
            </ul>
          </div>
        </section>
      </div>
    </div>
  </div>
</body>
`;
