// Jest Snapshot v1, https://goo.gl/fbAQLP

exports[`CauseCheckboxes Component renders the UI as expected 1`] = `
<body>
  <div>
    <fieldset
      class="CauseCheckboxes"
    >
      <legend>
        Causes
      </legend>
      <div
        class="CauseCheckboxes__cause-wrapper"
      >
        <label
          for="causes-1"
        >
          Youth
        </label>
        <div
          class="CauseCheckboxes__custom-checkbox"
        >
          <svg
            aria-hidden="true"
            class="svg-inline--fa fa-check fa-w-16 CauseCheckboxes__checkmark"
            data-icon="check"
            data-prefix="fas"
            focusable="false"
            role="img"
            viewBox="0 0 512 512"
            xmlns="http://www.w3.org/2000/svg"
          >
            <path
              d="M173.898 439.404l-166.4-166.4c-9.997-9.997-9.997-26.206 0-36.204l36.203-36.204c9.997-9.998 26.207-9.998 36.204 0L192 312.69 432.095 72.596c9.997-9.997 26.207-9.997 36.204 0l36.203 36.204c9.997 9.997 9.997 26.206 0 36.204l-294.4 294.401c-9.998 9.997-26.207 9.997-36.204-.001z"
              fill="currentColor"
            />
          </svg>
        </div>
        <input
          id="causes-1"
          name="causes"
          type="checkbox"
          value="Youth"
        />
      </div>
      <div
        class="CauseCheckboxes__cause-wrapper"
      >
        <label
          for="causes-2"
        >
          Health
        </label>
        <div
          class="CauseCheckboxes__custom-checkbox"
        >
          <svg
            aria-hidden="true"
            class="svg-inline--fa fa-check fa-w-16 CauseCheckboxes__checkmark"
            data-icon="check"
            data-prefix="fas"
            focusable="false"
            role="img"
            viewBox="0 0 512 512"
            xmlns="http://www.w3.org/2000/svg"
          >
            <path
              d="M173.898 439.404l-166.4-166.4c-9.997-9.997-9.997-26.206 0-36.204l36.203-36.204c9.997-9.998 26.207-9.998 36.204 0L192 312.69 432.095 72.596c9.997-9.997 26.207-9.997 36.204 0l36.203 36.204c9.997 9.997 9.997 26.206 0 36.204l-294.4 294.401c-9.998 9.997-26.207 9.997-36.204-.001z"
              fill="currentColor"
            />
          </svg>
        </div>
        <input
          id="causes-2"
          name="causes"
          type="checkbox"
          value="Health"
        />
      </div>
      <div
        class="CauseCheckboxes__cause-wrapper"
      >
        <label
          for="causes-3"
        >
          Disaster Response
        </label>
        <div
          class="CauseCheckboxes__custom-checkbox"
        >
          <svg
            aria-hidden="true"
            class="svg-inline--fa fa-check fa-w-16 CauseCheckboxes__checkmark"
            data-icon="check"
            data-prefix="fas"
            focusable="false"
            role="img"
            viewBox="0 0 512 512"
            xmlns="http://www.w3.org/2000/svg"
          >
            <path
              d="M173.898 439.404l-166.4-166.4c-9.997-9.997-9.997-26.206 0-36.204l36.203-36.204c9.997-9.998 26.207-9.998 36.204 0L192 312.69 432.095 72.596c9.997-9.997 26.207-9.997 36.204 0l36.203 36.204c9.997 9.997 9.997 26.206 0 36.204l-294.4 294.401c-9.998 9.997-26.207 9.997-36.204-.001z"
              fill="currentColor"
            />
          </svg>
        </div>
        <input
          id="causes-3"
          name="causes"
          type="checkbox"
          value="Disaster Response"
        />
      </div>
      <div
        class="CauseCheckboxes__cause-wrapper"
      >
        <label
          for="causes-4"
        >
          Animals
        </label>
        <div
          class="CauseCheckboxes__custom-checkbox"
        >
          <svg
            aria-hidden="true"
            class="svg-inline--fa fa-check fa-w-16 CauseCheckboxes__checkmark"
            data-icon="check"
            data-prefix="fas"
            focusable="false"
            role="img"
            viewBox="0 0 512 512"
            xmlns="http://www.w3.org/2000/svg"
          >
            <path
              d="M173.898 439.404l-166.4-166.4c-9.997-9.997-9.997-26.206 0-36.204l36.203-36.204c9.997-9.998 26.207-9.998 36.204 0L192 312.69 432.095 72.596c9.997-9.997 26.207-9.997 36.204 0l36.203 36.204c9.997 9.997 9.997 26.206 0 36.204l-294.4 294.401c-9.998 9.997-26.207 9.997-36.204-.001z"
              fill="currentColor"
            />
          </svg>
        </div>
        <input
          id="causes-4"
          name="causes"
          type="checkbox"
          value="Animals"
        />
      </div>
      <div
        class="CauseCheckboxes__cause-wrapper"
      >
        <label
          for="causes-5"
        >
          History
        </label>
        <div
          class="CauseCheckboxes__custom-checkbox"
        >
          <svg
            aria-hidden="true"
            class="svg-inline--fa fa-check fa-w-16 CauseCheckboxes__checkmark"
            data-icon="check"
            data-prefix="fas"
            focusable="false"
            role="img"
            viewBox="0 0 512 512"
            xmlns="http://www.w3.org/2000/svg"
          >
            <path
              d="M173.898 439.404l-166.4-166.4c-9.997-9.997-9.997-26.206 0-36.204l36.203-36.204c9.997-9.998 26.207-9.998 36.204 0L192 312.69 432.095 72.596c9.997-9.997 26.207-9.997 36.204 0l36.203 36.204c9.997 9.997 9.997 26.206 0 36.204l-294.4 294.401c-9.998 9.997-26.207 9.997-36.204-.001z"
              fill="currentColor"
            />
          </svg>
        </div>
        <input
          id="causes-5"
          name="causes"
          type="checkbox"
          value="History"
        />
      </div>
      <div
        class="CauseCheckboxes__cause-wrapper"
      >
        <label
          for="causes-6"
        >
          Education
        </label>
        <div
          class="CauseCheckboxes__custom-checkbox"
        >
          <svg
            aria-hidden="true"
            class="svg-inline--fa fa-check fa-w-16 CauseCheckboxes__checkmark"
            data-icon="check"
            data-prefix="fas"
            focusable="false"
            role="img"
            viewBox="0 0 512 512"
            xmlns="http://www.w3.org/2000/svg"
          >
            <path
              d="M173.898 439.404l-166.4-166.4c-9.997-9.997-9.997-26.206 0-36.204l36.203-36.204c9.997-9.998 26.207-9.998 36.204 0L192 312.69 432.095 72.596c9.997-9.997 26.207-9.997 36.204 0l36.203 36.204c9.997 9.997 9.997 26.206 0 36.204l-294.4 294.401c-9.998 9.997-26.207 9.997-36.204-.001z"
              fill="currentColor"
            />
          </svg>
        </div>
        <input
          id="causes-6"
          name="causes"
          type="checkbox"
          value="Education"
        />
      </div>
      <div
        class="CauseCheckboxes__cause-wrapper"
      >
        <label
          for="causes-7"
        >
          Human Rights
        </label>
        <div
          class="CauseCheckboxes__custom-checkbox"
        >
          <svg
            aria-hidden="true"
            class="svg-inline--fa fa-check fa-w-16 CauseCheckboxes__checkmark"
            data-icon="check"
            data-prefix="fas"
            focusable="false"
            role="img"
            viewBox="0 0 512 512"
            xmlns="http://www.w3.org/2000/svg"
          >
            <path
              d="M173.898 439.404l-166.4-166.4c-9.997-9.997-9.997-26.206 0-36.204l36.203-36.204c9.997-9.998 26.207-9.998 36.204 0L192 312.69 432.095 72.596c9.997-9.997 26.207-9.997 36.204 0l36.203 36.204c9.997 9.997 9.997 26.206 0 36.204l-294.4 294.401c-9.998 9.997-26.207 9.997-36.204-.001z"
              fill="currentColor"
            />
          </svg>
        </div>
        <input
          id="causes-7"
          name="causes"
          type="checkbox"
          value="Human Rights"
        />
      </div>
      <div
        class="CauseCheckboxes__cause-wrapper"
      >
        <label
          for="causes-8"
        >
          Arts
        </label>
        <div
          class="CauseCheckboxes__custom-checkbox"
        >
          <svg
            aria-hidden="true"
            class="svg-inline--fa fa-check fa-w-16 CauseCheckboxes__checkmark"
            data-icon="check"
            data-prefix="fas"
            focusable="false"
            role="img"
            viewBox="0 0 512 512"
            xmlns="http://www.w3.org/2000/svg"
          >
            <path
              d="M173.898 439.404l-166.4-166.4c-9.997-9.997-9.997-26.206 0-36.204l36.203-36.204c9.997-9.998 26.207-9.998 36.204 0L192 312.69 432.095 72.596c9.997-9.997 26.207-9.997 36.204 0l36.203 36.204c9.997 9.997 9.997 26.206 0 36.204l-294.4 294.401c-9.998 9.997-26.207 9.997-36.204-.001z"
              fill="currentColor"
            />
          </svg>
        </div>
        <input
          id="causes-8"
          name="causes"
          type="checkbox"
          value="Arts"
        />
      </div>
      <div
        class="CauseCheckboxes__cause-wrapper"
      >
        <label
          for="causes-9"
        >
          Wildlife and Environment
        </label>
        <div
          class="CauseCheckboxes__custom-checkbox"
        >
          <svg
            aria-hidden="true"
            class="svg-inline--fa fa-check fa-w-16 CauseCheckboxes__checkmark"
            data-icon="check"
            data-prefix="fas"
            focusable="false"
            role="img"
            viewBox="0 0 512 512"
            xmlns="http://www.w3.org/2000/svg"
          >
            <path
              d="M173.898 439.404l-166.4-166.4c-9.997-9.997-9.997-26.206 0-36.204l36.203-36.204c9.997-9.998 26.207-9.998 36.204 0L192 312.69 432.095 72.596c9.997-9.997 26.207-9.997 36.204 0l36.203 36.204c9.997 9.997 9.997 26.206 0 36.204l-294.4 294.401c-9.998 9.997-26.207 9.997-36.204-.001z"
              fill="currentColor"
            />
          </svg>
        </div>
        <input
          id="causes-9"
          name="causes"
          type="checkbox"
          value="Wildlife and Environment"
        />
      </div>
      <div
        class="CauseCheckboxes__cause-wrapper"
      >
        <label
          for="causes-10"
        >
          Elderly
        </label>
        <div
          class="CauseCheckboxes__custom-checkbox"
        >
          <svg
            aria-hidden="true"
            class="svg-inline--fa fa-check fa-w-16 CauseCheckboxes__checkmark"
            data-icon="check"
            data-prefix="fas"
            focusable="false"
            role="img"
            viewBox="0 0 512 512"
            xmlns="http://www.w3.org/2000/svg"
          >
            <path
              d="M173.898 439.404l-166.4-166.4c-9.997-9.997-9.997-26.206 0-36.204l36.203-36.204c9.997-9.998 26.207-9.998 36.204 0L192 312.69 432.095 72.596c9.997-9.997 26.207-9.997 36.204 0l36.203 36.204c9.997 9.997 9.997 26.206 0 36.204l-294.4 294.401c-9.998 9.997-26.207 9.997-36.204-.001z"
              fill="currentColor"
            />
          </svg>
        </div>
        <input
          id="causes-10"
          name="causes"
          type="checkbox"
          value="Elderly"
        />
      </div>
      <div
        class="CauseCheckboxes__cause-wrapper"
      >
        <label
          for="causes-11"
        >
          Poverty
        </label>
        <div
          class="CauseCheckboxes__custom-checkbox"
        >
          <svg
            aria-hidden="true"
            class="svg-inline--fa fa-check fa-w-16 CauseCheckboxes__checkmark"
            data-icon="check"
            data-prefix="fas"
            focusable="false"
            role="img"
            viewBox="0 0 512 512"
            xmlns="http://www.w3.org/2000/svg"
          >
            <path
              d="M173.898 439.404l-166.4-166.4c-9.997-9.997-9.997-26.206 0-36.204l36.203-36.204c9.997-9.998 26.207-9.998 36.204 0L192 312.69 432.095 72.596c9.997-9.997 26.207-9.997 36.204 0l36.203 36.204c9.997 9.997 9.997 26.206 0 36.204l-294.4 294.401c-9.998 9.997-26.207 9.997-36.204-.001z"
              fill="currentColor"
            />
          </svg>
        </div>
        <input
          id="causes-11"
          name="causes"
          type="checkbox"
          value="Poverty"
        />
      </div>
    </fieldset>
  </div>
</body>
`;
