// Jest Snapshot v1, https://goo.gl/fbAQLP

exports[`Account Component renders the UI as expected 1`] = `
<body>
  <div>
    <div
      class="Account"
    >
      <nav
        class="Nav"
      >
        <button
          class="Nav__expander"
          type="button"
        >
          Menu
        </button>
      </nav>
      <main>
        <header>
          <h1>
            Account
          </h1>
        </header>
        <section>
          <header>
            <h2>
              Account Info
            </h2>
          </header>
          <p>
            Username: 
            user1
          </p>
          <p>
            Email: 
            email1@email.com
          </p>
        </section>
        <section>
          <header>
            <h2>
              Organizations Added
            </h2>
            <div
              class="OrganizationsList"
            >
              <ul>
                <li>
                  <a
                    href="/org/1"
                  >
                    YMCA DC
                  </a>
                </li>
              </ul>
            </div>
          </header>
        </section>
      </main>
    </div>
  </div>
</body>
`;
